// Jest Snapshot v1, https://goo.gl/fbAQLP

exports[`Indecision component snapshot Debe hacer match con el snapshot 1`] = `
<h1>Indesicion</h1>
<img src="https://via.placeholder.com/250">
<br>
<div class="bg-dark"></div>
<input type="text" placeholder="Haz una pregunta">
<p>Recuerda terminar con un signo de interrogacion (?)</p>
<div>
  <h2></h2>
  <h1></h1>
</div>
`;
